// Jest Snapshot v1, https://goo.gl/fbAQLP

exports[`App tests It renders correctly 1`] = `
<div>
  <div
    class="App bg-slate-200 min-h-screen min-w-[340px]"
  >
    <header
      class="bg-slate-800 text-white py-4"
    >
      <div
        class="container flex flex-col md:flex-row items-center"
      >
        <h1
          class="text-3xl pb-4 md:pb-0"
        >
          SHOP.
        </h1>
        <nav
          class="flex flex-grow justify-end"
        >
          <ul
            class="flex gap-4"
          >
            <li>
              <a
                class="flex items-center"
                href="/"
              >
                <svg
                  class="mr-2"
                  fill="currentColor"
                  height="1.75rem"
                  stroke="currentColor"
                  stroke-width="0"
                  viewBox="0 0 1024 1024"
                  width="1.75rem"
                  xmlns="http://www.w3.org/2000/svg"
                >
                  <path
                    d="M946.5 505L560.1 118.8l-25.9-25.9a31.5 31.5 0 0 0-44.4 0L77.5 505a63.9 63.9 0 0 0-18.8 46c.4 35.2 29.7 63.3 64.9 63.3h42.5V940h691.8V614.3h43.4c17.1 0 33.2-6.7 45.3-18.8a63.6 63.6 0 0 0 18.7-45.3c0-17-6.7-33.1-18.8-45.2zM568 868H456V664h112v204zm217.9-325.7V868H632V640c0-22.1-17.9-40-40-40H432c-22.1 0-40 17.9-40 40v228H238.1V542.3h-96l370-369.7 23.1 23.1L882 542.3h-96.1z"
                  />
                </svg>
                Home
              </a>
            </li>
            <li>
              <a
                class="flex items-center"
                href="/shop"
              >
                <svg
                  class="mr-2"
                  fill="currentColor"
                  height="1.75rem"
                  stroke="currentColor"
                  stroke-width="0"
                  viewBox="0 0 1024 1024"
                  width="1.75rem"
                  xmlns="http://www.w3.org/2000/svg"
                >
                  <path
                    d="M832 312H696v-16c0-101.6-82.4-184-184-184s-184 82.4-184 184v16H192c-17.7 0-32 14.3-32 32v536c0 17.7 14.3 32 32 32h640c17.7 0 32-14.3 32-32V344c0-17.7-14.3-32-32-32zm-432-16c0-61.9 50.1-112 112-112s112 50.1 112 112v16H400v-16zm392 544H232V384h96v88c0 4.4 3.6 8 8 8h56c4.4 0 8-3.6 8-8v-88h224v88c0 4.4 3.6 8 8 8h56c4.4 0 8-3.6 8-8v-88h96v456z"
                  />
                </svg>
                Shop
              </a>
            </li>
            <li>
              <a
                class="flex items-center"
                href="/cart"
              >
                <svg
                  class="mr-2"
                  fill="currentColor"
                  height="1.75rem"
                  stroke="currentColor"
                  stroke-width="0"
                  viewBox="0 0 1024 1024"
                  width="1.75rem"
                  xmlns="http://www.w3.org/2000/svg"
                >
                  <path
                    d="M922.9 701.9H327.4l29.9-60.9 496.8-.9c16.8 0 31.2-12 34.2-28.6l68.8-385.1c1.8-10.1-.9-20.5-7.5-28.4a34.99 34.99 0 0 0-26.6-12.5l-632-2.1-5.4-25.4c-3.4-16.2-18-28-34.6-28H96.5a35.3 35.3 0 1 0 0 70.6h125.9L246 312.8l58.1 281.3-74.8 122.1a34.96 34.96 0 0 0-3 36.8c6 11.9 18.1 19.4 31.5 19.4h62.8a102.43 102.43 0 0 0-20.6 61.7c0 56.6 46 102.6 102.6 102.6s102.6-46 102.6-102.6c0-22.3-7.4-44-20.6-61.7h161.1a102.43 102.43 0 0 0-20.6 61.7c0 56.6 46 102.6 102.6 102.6s102.6-46 102.6-102.6c0-22.3-7.4-44-20.6-61.7H923c19.4 0 35.3-15.8 35.3-35.3a35.42 35.42 0 0 0-35.4-35.2zM305.7 253l575.8 1.9-56.4 315.8-452.3.8L305.7 253zm96.9 612.7c-17.4 0-31.6-14.2-31.6-31.6 0-17.4 14.2-31.6 31.6-31.6s31.6 14.2 31.6 31.6a31.6 31.6 0 0 1-31.6 31.6zm325.1 0c-17.4 0-31.6-14.2-31.6-31.6 0-17.4 14.2-31.6 31.6-31.6s31.6 14.2 31.6 31.6a31.6 31.6 0 0 1-31.6 31.6z"
                  />
                </svg>
                Cart 
              </a>
            </li>
          </ul>
        </nav>
      </div>
    </header>
    <div
      class="container py-4"
    >
      <div
        class=" flex flex-wrap pt-10 md:pt-[130px] md:flex-row-reverse"
        data-testid="home-component"
      >
        <div
          class=" w-full md:w-1/2 sm:px-10 md:px-0"
        >
          <img
            alt="car"
            src="car-drawing.png"
          />
        </div>
        <div
          class="lg:pt-28 w-full md:mb-10  md:w-1/2"
        >
          <h2
            class="text-5xl md:text-4xl text-blue-600 font-bold mb-20 md:mb-14"
          >
            Welcome to the SHOP.!
          </h2>
          <a
            class="flex items-center mx-auto max-w-fit bg-slate-800 shadow-md shadow-slate-800 text-white px-4  py-3 hover:bg-slate-900 active:scale-95 uppercase transition-all"
            href="/shop"
          >
            <span
              class="text-xl md:text-lg mr-4"
            >
              Realize your dreams
            </span>
            <svg
              fill="currentColor"
              height="1.5rem"
              stroke="currentColor"
              stroke-width="0"
              viewBox="0 0 512 512"
              width="1.5rem"
              xmlns="http://www.w3.org/2000/svg"
            >
              <path
                d="M268 112l144 144-144 144m124-144H100"
                fill="none"
                stroke-linecap="round"
                stroke-linejoin="round"
                stroke-width="48"
              />
            </svg>
          </a>
        </div>
      </div>
    </div>
  </div>
</div>
`;
